[2020-04-05T08:44:30.976+0000][31826][gc] Using Concurrent Mark Sweep
[2020-04-05T08:44:30.976+0000][31826][gc,heap,coops] Heap address: 0x00000000c0000000, size: 1024 MB, Compressed Oops mode: 32-bit
[2020-04-05T08:44:31.060+0000][31826][safepoint    ] Entering safepoint region: EnableBiasedLocking
[2020-04-05T08:44:31.060+0000][31826][safepoint    ] Leaving safepoint region
[2020-04-05T08:44:31.060+0000][31826][safepoint    ] Total time for which application threads were stopped: 0.0002102 seconds, Stopping threads took: 0.0000935 seconds
[2020-04-05T08:44:31.064+0000][31826][gc,heap,exit ] Heap
[2020-04-05T08:44:31.064+0000][31826][gc,heap,exit ]  par new generation   total 306688K, used 21811K [0x00000000c0000000, 0x00000000d4cc0000, 0x00000000d4cc0000)
[2020-04-05T08:44:31.064+0000][31826][gc,heap,exit ]   eden space 272640K,   8% used [0x00000000c0000000, 0x00000000c154cf20, 0x00000000d0a40000)
[2020-04-05T08:44:31.065+0000][31826][gc,heap,exit ]   from space 34048K,   0% used [0x00000000d0a40000, 0x00000000d0a40000, 0x00000000d2b80000)
[2020-04-05T08:44:31.065+0000][31826][gc,heap,exit ]   to   space 34048K,   0% used [0x00000000d2b80000, 0x00000000d2b80000, 0x00000000d4cc0000)
[2020-04-05T08:44:31.065+0000][31826][gc,heap,exit ]  concurrent mark-sweep generation total 707840K, used 0K [0x00000000d4cc0000, 0x0000000100000000, 0x0000000100000000)
[2020-04-05T08:44:31.065+0000][31826][gc,heap,exit ]  Metaspace       used 3254K, capacity 4480K, committed 4480K, reserved 1056768K
[2020-04-05T08:44:31.065+0000][31826][gc,heap,exit ]   class space    used 276K, capacity 384K, committed 384K, reserved 1048576K
[2020-04-05T08:44:31.065+0000][31826][safepoint    ] Application time: 0.0017763 seconds
[2020-04-05T08:44:31.065+0000][31826][safepoint    ] Entering safepoint region: Halt
